LIB/STRING.CC
LIB/STDIO.CC
LIB/STDLIB.CC
LIB/CTYPE.CC
LIB/MATH.CC
GAMES/DOOM/I_CHRIS.CC
GAMES/DOOM/I_SOUND.CC
GAMES/DOOM/I_VIDEO.CC
GAMES/DOOM/W_FILE.CC
GAMES/DOOM/I_INPUT.CC
third_party/doomgeneric_src/doomgeneric/dummy.c
third_party/doomgeneric_src/doomgeneric/am_map.c
third_party/doomgeneric_src/doomgeneric/doomdef.c
third_party/doomgeneric_src/doomgeneric/doomstat.c
third_party/doomgeneric_src/doomgeneric/dstrings.c
third_party/doomgeneric_src/doomgeneric/d_event.c
third_party/doomgeneric_src/doomgeneric/d_items.c
third_party/doomgeneric_src/doomgeneric/d_iwad.c
third_party/doomgeneric_src/doomgeneric/d_loop.c
third_party/doomgeneric_src/doomgeneric/d_main.c
third_party/doomgeneric_src/doomgeneric/d_mode.c
third_party/doomgeneric_src/doomgeneric/d_net.c
third_party/doomgeneric_src/doomgeneric/f_finale.c
third_party/doomgeneric_src/doomgeneric/f_wipe.c
third_party/doomgeneric_src/doomgeneric/g_game.c
third_party/doomgeneric_src/doomgeneric/hu_lib.c
third_party/doomgeneric_src/doomgeneric/hu_stuff.c
third_party/doomgeneric_src/doomgeneric/info.c
third_party/doomgeneric_src/doomgeneric/i_cdmus.c
third_party/doomgeneric_src/doomgeneric/i_endoom.c
third_party/doomgeneric_src/doomgeneric/i_joystick.c
third_party/doomgeneric_src/doomgeneric/i_scale.c
third_party/doomgeneric_src/doomgeneric/i_system.c
third_party/doomgeneric_src/doomgeneric/i_timer.c
third_party/doomgeneric_src/doomgeneric/memio.c
third_party/doomgeneric_src/doomgeneric/m_argv.c
third_party/doomgeneric_src/doomgeneric/m_bbox.c
third_party/doomgeneric_src/doomgeneric/m_cheat.c
third_party/doomgeneric_src/doomgeneric/m_config.c
third_party/doomgeneric_src/doomgeneric/m_controls.c
third_party/doomgeneric_src/doomgeneric/m_fixed.c
third_party/doomgeneric_src/doomgeneric/m_menu.c
third_party/doomgeneric_src/doomgeneric/m_misc.c
third_party/doomgeneric_src/doomgeneric/m_random.c
third_party/doomgeneric_src/doomgeneric/p_ceilng.c
third_party/doomgeneric_src/doomgeneric/p_doors.c
third_party/doomgeneric_src/doomgeneric/p_enemy.c
third_party/doomgeneric_src/doomgeneric/p_floor.c
third_party/doomgeneric_src/doomgeneric/p_inter.c
third_party/doomgeneric_src/doomgeneric/p_lights.c
third_party/doomgeneric_src/doomgeneric/p_map.c
third_party/doomgeneric_src/doomgeneric/p_maputl.c
third_party/doomgeneric_src/doomgeneric/p_mobj.c
third_party/doomgeneric_src/doomgeneric/p_plats.c
third_party/doomgeneric_src/doomgeneric/p_pspr.c
third_party/doomgeneric_src/doomgeneric/p_saveg.c
third_party/doomgeneric_src/doomgeneric/p_setup.c
third_party/doomgeneric_src/doomgeneric/p_sight.c
third_party/doomgeneric_src/doomgeneric/p_spec.c
third_party/doomgeneric_src/doomgeneric/p_switch.c
third_party/doomgeneric_src/doomgeneric/p_telept.c
third_party/doomgeneric_src/doomgeneric/p_tick.c
third_party/doomgeneric_src/doomgeneric/p_user.c
third_party/doomgeneric_src/doomgeneric/r_bsp.c
third_party/doomgeneric_src/doomgeneric/r_data.c
third_party/doomgeneric_src/doomgeneric/r_draw.c
third_party/doomgeneric_src/doomgeneric/r_main.c
third_party/doomgeneric_src/doomgeneric/r_plane.c
third_party/doomgeneric_src/doomgeneric/r_segs.c
third_party/doomgeneric_src/doomgeneric/r_sky.c
third_party/doomgeneric_src/doomgeneric/r_things.c
third_party/doomgeneric_src/doomgeneric/sha1.c
third_party/doomgeneric_src/doomgeneric/sounds.c
third_party/doomgeneric_src/doomgeneric/statdump.c
third_party/doomgeneric_src/doomgeneric/st_lib.c
third_party/doomgeneric_src/doomgeneric/st_stuff.c
third_party/doomgeneric_src/doomgeneric/s_sound.c
third_party/doomgeneric_src/doomgeneric/tables.c
third_party/doomgeneric_src/doomgeneric/v_video.c
third_party/doomgeneric_src/doomgeneric/wi_stuff.c
third_party/doomgeneric_src/doomgeneric/w_checksum.c
third_party/doomgeneric_src/doomgeneric/w_main.c
third_party/doomgeneric_src/doomgeneric/w_wad.c
third_party/doomgeneric_src/doomgeneric/z_zone.c
GAMES/DOOM/MAIN.CC
